                _._                                                  
           _.-``__ ''-._                                             
      _.-``    `.  `_.  ''-._           Redis 3.0.0 (52581df2/1) 64 bit
  .-`` .-```.  ```\/    _.,_ ''-._                                   
 (    '      ,       .-`  | `,    )     Running in standalone mode
 |`-._`-...-` __...-.``-._|'` _.-'|     Port: 6505
 |    `-._   `._    /     _.-'    |     PID: 1281010
  `-._    `-._  `-./  _.-'    _.-'                                   
 |`-._`-._    `-.__.-'    _.-'_.-'|                                  
 |    `-._`-._        _.-'_.-'    |           http://redis.io        
  `-._    `-._`-.__.-'_.-'    _.-'                                   
 |`-._`-._    `-.__.-'    _.-'_.-'|                                  
 |    `-._`-._        _.-'_.-'    |                                  
  `-._    `-._`-.__.-'_.-'    _.-'                                   
      `-._    `-.__.-'    _.-'                                       
          `-._        _.-'                                           
              `-.__.-'                                               

1281010:M 15 Dec 19:59:30.946 # Server started, Redis version 3.0.0
1281010:M 15 Dec 19:59:30.947 # WARNING overcommit_memory is set to 0! Background save may fail under low memory condition. To fix this issue add 'vm.overcommit_memory = 1' to /etc/sysctl.conf and then reboot or run the command 'sysctl vm.overcommit_memory=1' for this to take effect.
1281010:M 15 Dec 19:59:30.947 # WARNING you have Transparent Huge Pages (THP) support enabled in your kernel. This will create latency and memory usage issues with Redis. To fix this issue run the command 'echo never > /sys/kernel/mm/transparent_hugepage/enabled' as root, and add it to your /etc/rc.local in order to retain the setting after a reboot. Redis must be restarted after THP is disabled.
1281010:M 15 Dec 20:00:33.644 * DB loaded from disk: 62.697 seconds
1281010:M 15 Dec 20:00:33.644 * The server is now ready to accept connections on port 6505
1281010:signal-handler (1765828894) Received SIGTERM scheduling shutdown...
1281010:M 15 Dec 20:01:34.446 # User requested shutdown...
1281010:M 15 Dec 20:01:34.446 # Redis is now ready to exit, bye bye...
