                _._                                                  
           _.-``__ ''-._                                             
      _.-``    `.  `_.  ''-._           Redis 3.0.0 (52581df2/1) 64 bit
  .-`` .-```.  ```\/    _.,_ ''-._                                   
 (    '      ,       .-`  | `,    )     Running in standalone mode
 |`-._`-...-` __...-.``-._|'` _.-'|     Port: 6534
 |    `-._   `._    /     _.-'    |     PID: 2713132
  `-._    `-._  `-./  _.-'    _.-'                                   
 |`-._`-._    `-.__.-'    _.-'_.-'|                                  
 |    `-._`-._        _.-'_.-'    |           http://redis.io        
  `-._    `-._`-.__.-'_.-'    _.-'                                   
 |`-._`-._    `-.__.-'    _.-'_.-'|                                  
 |    `-._`-._        _.-'_.-'    |                                  
  `-._    `-._`-.__.-'_.-'    _.-'                                   
      `-._    `-.__.-'    _.-'                                       
          `-._        _.-'                                           
              `-.__.-'                                               

2713132:M 16 Dec 21:39:36.669 # Server started, Redis version 3.0.0
2713132:M 16 Dec 21:39:36.669 # WARNING overcommit_memory is set to 0! Background save may fail under low memory condition. To fix this issue add 'vm.overcommit_memory = 1' to /etc/sysctl.conf and then reboot or run the command 'sysctl vm.overcommit_memory=1' for this to take effect.
2713132:M 16 Dec 21:39:36.669 # WARNING you have Transparent Huge Pages (THP) support enabled in your kernel. This will create latency and memory usage issues with Redis. To fix this issue run the command 'echo never > /sys/kernel/mm/transparent_hugepage/enabled' as root, and add it to your /etc/rc.local in order to retain the setting after a reboot. Redis must be restarted after THP is disabled.
2713132:M 16 Dec 21:41:03.551 * DB loaded from disk: 86.882 seconds
2713132:M 16 Dec 21:41:03.551 * The server is now ready to accept connections on port 6534
2713132:signal-handler (1765921343) Received SIGTERM scheduling shutdown...
2713132:M 16 Dec 21:42:23.398 # User requested shutdown...
2713132:M 16 Dec 21:42:23.398 # Redis is now ready to exit, bye bye...
