                _._                                                  
           _.-``__ ''-._                                             
      _.-``    `.  `_.  ''-._           Redis 3.0.0 (2e81549a/1) 64 bit
  .-`` .-```.  ```\/    _.,_ ''-._                                   
 (    '      ,       .-`  | `,    )     Running in standalone mode
 |`-._`-...-` __...-.``-._|'` _.-'|     Port: 6500
 |    `-._   `._    /     _.-'    |     PID: 765854
  `-._    `-._  `-./  _.-'    _.-'                                   
 |`-._`-._    `-.__.-'    _.-'_.-'|                                  
 |    `-._`-._        _.-'_.-'    |           http://redis.io        
  `-._    `-._`-.__.-'_.-'    _.-'                                   
 |`-._`-._    `-.__.-'    _.-'_.-'|                                  
 |    `-._`-._        _.-'_.-'    |                                  
  `-._    `-._`-.__.-'_.-'    _.-'                                   
      `-._    `-.__.-'    _.-'                                       
          `-._        _.-'                                           
              `-.__.-'                                               

765854:M 12 Dec 12:40:26.633 # Server started, Redis version 3.0.0
765854:M 12 Dec 12:40:26.633 # WARNING overcommit_memory is set to 0! Background save may fail under low memory condition. To fix this issue add 'vm.overcommit_memory = 1' to /etc/sysctl.conf and then reboot or run the command 'sysctl vm.overcommit_memory=1' for this to take effect.
765854:M 12 Dec 12:40:26.633 # WARNING you have Transparent Huge Pages (THP) support enabled in your kernel. This will create latency and memory usage issues with Redis. To fix this issue run the command 'echo never > /sys/kernel/mm/transparent_hugepage/enabled' as root, and add it to your /etc/rc.local in order to retain the setting after a reboot. Redis must be restarted after THP is disabled.
765854:M 12 Dec 12:41:10.060 * DB loaded from disk: 43.427 seconds
765854:M 12 Dec 12:41:10.060 * The server is now ready to accept connections on port 6500
765854:signal-handler (1765564931) Received SIGTERM scheduling shutdown...
765854:M 12 Dec 12:42:11.851 # User requested shutdown...
765854:M 12 Dec 12:42:11.851 # Redis is now ready to exit, bye bye...
