                _._                                                  
           _.-``__ ''-._                                             
      _.-``    `.  `_.  ''-._           Redis 3.0.0 (2e81549a/1) 64 bit
  .-`` .-```.  ```\/    _.,_ ''-._                                   
 (    '      ,       .-`  | `,    )     Running in standalone mode
 |`-._`-...-` __...-.``-._|'` _.-'|     Port: 6500
 |    `-._   `._    /     _.-'    |     PID: 748293
  `-._    `-._  `-./  _.-'    _.-'                                   
 |`-._`-._    `-.__.-'    _.-'_.-'|                                  
 |    `-._`-._        _.-'_.-'    |           http://redis.io        
  `-._    `-._`-.__.-'_.-'    _.-'                                   
 |`-._`-._    `-.__.-'    _.-'_.-'|                                  
 |    `-._`-._        _.-'_.-'    |                                  
  `-._    `-._`-.__.-'_.-'    _.-'                                   
      `-._    `-.__.-'    _.-'                                       
          `-._        _.-'                                           
              `-.__.-'                                               

748293:M 12 Dec 11:27:19.927 # Server started, Redis version 3.0.0
748293:M 12 Dec 11:27:19.927 # WARNING overcommit_memory is set to 0! Background save may fail under low memory condition. To fix this issue add 'vm.overcommit_memory = 1' to /etc/sysctl.conf and then reboot or run the command 'sysctl vm.overcommit_memory=1' for this to take effect.
748293:M 12 Dec 11:27:19.927 # WARNING you have Transparent Huge Pages (THP) support enabled in your kernel. This will create latency and memory usage issues with Redis. To fix this issue run the command 'echo never > /sys/kernel/mm/transparent_hugepage/enabled' as root, and add it to your /etc/rc.local in order to retain the setting after a reboot. Redis must be restarted after THP is disabled.
748293:M 12 Dec 11:28:02.008 * DB loaded from disk: 42.081 seconds
748293:M 12 Dec 11:28:02.008 * The server is now ready to accept connections on port 6500
748293:signal-handler (1765560543) Received SIGTERM scheduling shutdown...
748293:M 12 Dec 11:29:03.168 # User requested shutdown...
748293:M 12 Dec 11:29:03.168 # Redis is now ready to exit, bye bye...
