                _._                                                  
           _.-``__ ''-._                                             
      _.-``    `.  `_.  ''-._           Redis 3.0.0 (52581df2/1) 64 bit
  .-`` .-```.  ```\/    _.,_ ''-._                                   
 (    '      ,       .-`  | `,    )     Running in standalone mode
 |`-._`-...-` __...-.``-._|'` _.-'|     Port: 6530
 |    `-._   `._    /     _.-'    |     PID: 884043
  `-._    `-._  `-./  _.-'    _.-'                                   
 |`-._`-._    `-.__.-'    _.-'_.-'|                                  
 |    `-._`-._        _.-'_.-'    |           http://redis.io        
  `-._    `-._`-.__.-'_.-'    _.-'                                   
 |`-._`-._    `-.__.-'    _.-'_.-'|                                  
 |    `-._`-._        _.-'_.-'    |                                  
  `-._    `-._`-.__.-'_.-'    _.-'                                   
      `-._    `-.__.-'    _.-'                                       
          `-._        _.-'                                           
              `-.__.-'                                               

884043:M 15 Dec 03:19:11.175 # Server started, Redis version 3.0.0
884043:M 15 Dec 03:19:11.175 # WARNING overcommit_memory is set to 0! Background save may fail under low memory condition. To fix this issue add 'vm.overcommit_memory = 1' to /etc/sysctl.conf and then reboot or run the command 'sysctl vm.overcommit_memory=1' for this to take effect.
884043:M 15 Dec 03:19:11.175 # WARNING you have Transparent Huge Pages (THP) support enabled in your kernel. This will create latency and memory usage issues with Redis. To fix this issue run the command 'echo never > /sys/kernel/mm/transparent_hugepage/enabled' as root, and add it to your /etc/rc.local in order to retain the setting after a reboot. Redis must be restarted after THP is disabled.
884043:M 15 Dec 03:21:11.264 * DB loaded from disk: 120.089 seconds
884043:M 15 Dec 03:21:11.264 * The server is now ready to accept connections on port 6530
884043:signal-handler (1765768932) Received SIGTERM scheduling shutdown...
884043:M 15 Dec 03:22:12.476 # User requested shutdown...
884043:M 15 Dec 03:22:12.476 # Redis is now ready to exit, bye bye...
