                _._                                                  
           _.-``__ ''-._                                             
      _.-``    `.  `_.  ''-._           Redis 3.0.0 (52581df2/1) 64 bit
  .-`` .-```.  ```\/    _.,_ ''-._                                   
 (    '      ,       .-`  | `,    )     Running in standalone mode
 |`-._`-...-` __...-.``-._|'` _.-'|     Port: 6505
 |    `-._   `._    /     _.-'    |     PID: 635051
  `-._    `-._  `-./  _.-'    _.-'                                   
 |`-._`-._    `-.__.-'    _.-'_.-'|                                  
 |    `-._`-._        _.-'_.-'    |           http://redis.io        
  `-._    `-._`-.__.-'_.-'    _.-'                                   
 |`-._`-._    `-.__.-'    _.-'_.-'|                                  
 |    `-._`-._        _.-'_.-'    |                                  
  `-._    `-._`-.__.-'_.-'    _.-'                                   
      `-._    `-.__.-'    _.-'                                       
          `-._        _.-'                                           
              `-.__.-'                                               

635051:M 15 Dec 00:39:41.842 # Server started, Redis version 3.0.0
635051:M 15 Dec 00:39:41.843 # WARNING overcommit_memory is set to 0! Background save may fail under low memory condition. To fix this issue add 'vm.overcommit_memory = 1' to /etc/sysctl.conf and then reboot or run the command 'sysctl vm.overcommit_memory=1' for this to take effect.
635051:M 15 Dec 00:39:41.844 # WARNING you have Transparent Huge Pages (THP) support enabled in your kernel. This will create latency and memory usage issues with Redis. To fix this issue run the command 'echo never > /sys/kernel/mm/transparent_hugepage/enabled' as root, and add it to your /etc/rc.local in order to retain the setting after a reboot. Redis must be restarted after THP is disabled.
635051:M 15 Dec 00:41:02.151 * DB loaded from disk: 80.307 seconds
635051:M 15 Dec 00:41:02.151 * The server is now ready to accept connections on port 6505
635051:signal-handler (1765759323) Received SIGTERM scheduling shutdown...
635051:M 15 Dec 00:42:03.142 # User requested shutdown...
635051:M 15 Dec 00:42:03.142 # Redis is now ready to exit, bye bye...
