                _._                                                  
           _.-``__ ''-._                                             
      _.-``    `.  `_.  ''-._           Redis 3.0.0 (52581df2/1) 64 bit
  .-`` .-```.  ```\/    _.,_ ''-._                                   
 (    '      ,       .-`  | `,    )     Running in standalone mode
 |`-._`-...-` __...-.``-._|'` _.-'|     Port: 6560
 |    `-._   `._    /     _.-'    |     PID: 171820
  `-._    `-._  `-./  _.-'    _.-'                                   
 |`-._`-._    `-.__.-'    _.-'_.-'|                                  
 |    `-._`-._        _.-'_.-'    |           http://redis.io        
  `-._    `-._`-.__.-'_.-'    _.-'                                   
 |`-._`-._    `-.__.-'    _.-'_.-'|                                  
 |    `-._`-._        _.-'_.-'    |                                  
  `-._    `-._`-.__.-'_.-'    _.-'                                   
      `-._    `-.__.-'    _.-'                                       
          `-._        _.-'                                           
              `-.__.-'                                               

171820:M 13 Dec 17:20:49.418 # Server started, Redis version 3.0.0
171820:M 13 Dec 17:20:49.427 # WARNING overcommit_memory is set to 0! Background save may fail under low memory condition. To fix this issue add 'vm.overcommit_memory = 1' to /etc/sysctl.conf and then reboot or run the command 'sysctl vm.overcommit_memory=1' for this to take effect.
171820:M 13 Dec 17:20:49.427 # WARNING you have Transparent Huge Pages (THP) support enabled in your kernel. This will create latency and memory usage issues with Redis. To fix this issue run the command 'echo never > /sys/kernel/mm/transparent_hugepage/enabled' as root, and add it to your /etc/rc.local in order to retain the setting after a reboot. Redis must be restarted after THP is disabled.
171820:M 13 Dec 17:23:16.423 * DB loaded from disk: 146.997 seconds
171820:M 13 Dec 17:23:16.423 * The server is now ready to accept connections on port 6560
171820:signal-handler (1765646657) Received SIGTERM scheduling shutdown...
171820:M 13 Dec 17:24:17.115 # User requested shutdown...
171820:M 13 Dec 17:24:17.115 # Redis is now ready to exit, bye bye...
