                _._                                                  
           _.-``__ ''-._                                             
      _.-``    `.  `_.  ''-._           Redis 3.0.0 (52581df2/1) 64 bit
  .-`` .-```.  ```\/    _.,_ ''-._                                   
 (    '      ,       .-`  | `,    )     Running in standalone mode
 |`-._`-...-` __...-.``-._|'` _.-'|     Port: 6507
 |    `-._   `._    /     _.-'    |     PID: 1039100
  `-._    `-._  `-./  _.-'    _.-'                                   
 |`-._`-._    `-.__.-'    _.-'_.-'|                                  
 |    `-._`-._        _.-'_.-'    |           http://redis.io        
  `-._    `-._`-.__.-'_.-'    _.-'                                   
 |`-._`-._    `-.__.-'    _.-'_.-'|                                  
 |    `-._`-._        _.-'_.-'    |                                  
  `-._    `-._`-.__.-'_.-'    _.-'                                   
      `-._    `-.__.-'    _.-'                                       
          `-._        _.-'                                           
              `-.__.-'                                               

1039100:M 15 Dec 18:21:39.669 # Server started, Redis version 3.0.0
1039100:M 15 Dec 18:21:39.671 # WARNING overcommit_memory is set to 0! Background save may fail under low memory condition. To fix this issue add 'vm.overcommit_memory = 1' to /etc/sysctl.conf and then reboot or run the command 'sysctl vm.overcommit_memory=1' for this to take effect.
1039100:M 15 Dec 18:21:39.671 # WARNING you have Transparent Huge Pages (THP) support enabled in your kernel. This will create latency and memory usage issues with Redis. To fix this issue run the command 'echo never > /sys/kernel/mm/transparent_hugepage/enabled' as root, and add it to your /etc/rc.local in order to retain the setting after a reboot. Redis must be restarted after THP is disabled.
1039100:M 15 Dec 18:21:58.297 * DB loaded from disk: 18.626 seconds
1039100:M 15 Dec 18:21:58.297 * The server is now ready to accept connections on port 6507
1039100:signal-handler (1765822978) Received SIGTERM scheduling shutdown...
1039100:M 15 Dec 18:22:58.768 # User requested shutdown...
1039100:M 15 Dec 18:22:58.768 # Redis is now ready to exit, bye bye...
