                _._                                                  
           _.-``__ ''-._                                             
      _.-``    `.  `_.  ''-._           Redis 3.0.0 (52581df2/1) 64 bit
  .-`` .-```.  ```\/    _.,_ ''-._                                   
 (    '      ,       .-`  | `,    )     Running in standalone mode
 |`-._`-...-` __...-.``-._|'` _.-'|     Port: 6508
 |    `-._   `._    /     _.-'    |     PID: 1045574
  `-._    `-._  `-./  _.-'    _.-'                                   
 |`-._`-._    `-.__.-'    _.-'_.-'|                                  
 |    `-._`-._        _.-'_.-'    |           http://redis.io        
  `-._    `-._`-.__.-'_.-'    _.-'                                   
 |`-._`-._    `-.__.-'    _.-'_.-'|                                  
 |    `-._`-._        _.-'_.-'    |                                  
  `-._    `-._`-.__.-'_.-'    _.-'                                   
      `-._    `-.__.-'    _.-'                                       
          `-._        _.-'                                           
              `-.__.-'                                               

1045574:M 15 Dec 18:28:21.958 # Server started, Redis version 3.0.0
1045574:M 15 Dec 18:28:21.960 # WARNING overcommit_memory is set to 0! Background save may fail under low memory condition. To fix this issue add 'vm.overcommit_memory = 1' to /etc/sysctl.conf and then reboot or run the command 'sysctl vm.overcommit_memory=1' for this to take effect.
1045574:M 15 Dec 18:28:21.960 # WARNING you have Transparent Huge Pages (THP) support enabled in your kernel. This will create latency and memory usage issues with Redis. To fix this issue run the command 'echo never > /sys/kernel/mm/transparent_hugepage/enabled' as root, and add it to your /etc/rc.local in order to retain the setting after a reboot. Redis must be restarted after THP is disabled.
1045574:M 15 Dec 18:29:15.179 * DB loaded from disk: 53.219 seconds
1045574:M 15 Dec 18:29:15.179 * The server is now ready to accept connections on port 6508
1045574:signal-handler (1765823416) Received SIGTERM scheduling shutdown...
1045574:M 15 Dec 18:30:16.257 # User requested shutdown...
1045574:M 15 Dec 18:30:16.257 # Redis is now ready to exit, bye bye...
