                _._                                                  
           _.-``__ ''-._                                             
      _.-``    `.  `_.  ''-._           Redis 3.0.0 (52581df2/1) 64 bit
  .-`` .-```.  ```\/    _.,_ ''-._                                   
 (    '      ,       .-`  | `,    )     Running in standalone mode
 |`-._`-...-` __...-.``-._|'` _.-'|     Port: 6506
 |    `-._   `._    /     _.-'    |     PID: 1684631
  `-._    `-._  `-./  _.-'    _.-'                                   
 |`-._`-._    `-.__.-'    _.-'_.-'|                                  
 |    `-._`-._        _.-'_.-'    |           http://redis.io        
  `-._    `-._`-.__.-'_.-'    _.-'                                   
 |`-._`-._    `-.__.-'    _.-'_.-'|                                  
 |    `-._`-._        _.-'_.-'    |                                  
  `-._    `-._`-.__.-'_.-'    _.-'                                   
      `-._    `-.__.-'    _.-'                                       
          `-._        _.-'                                           
              `-.__.-'                                               

1684631:M 16 Dec 16:58:56.912 # Server started, Redis version 3.0.0
1684631:M 16 Dec 16:58:56.913 # WARNING overcommit_memory is set to 0! Background save may fail under low memory condition. To fix this issue add 'vm.overcommit_memory = 1' to /etc/sysctl.conf and then reboot or run the command 'sysctl vm.overcommit_memory=1' for this to take effect.
1684631:M 16 Dec 16:58:56.913 # WARNING you have Transparent Huge Pages (THP) support enabled in your kernel. This will create latency and memory usage issues with Redis. To fix this issue run the command 'echo never > /sys/kernel/mm/transparent_hugepage/enabled' as root, and add it to your /etc/rc.local in order to retain the setting after a reboot. Redis must be restarted after THP is disabled.
1684631:M 16 Dec 16:59:59.009 * DB loaded from disk: 62.095 seconds
1684631:M 16 Dec 16:59:59.009 * The server is now ready to accept connections on port 6506
1684631:signal-handler (1765904460) Received SIGTERM scheduling shutdown...
1684631:M 16 Dec 17:01:00.313 # User requested shutdown...
1684631:M 16 Dec 17:01:00.313 # Redis is now ready to exit, bye bye...
