                _._                                                  
           _.-``__ ''-._                                             
      _.-``    `.  `_.  ''-._           Redis 3.0.0 (52581df2/1) 64 bit
  .-`` .-```.  ```\/    _.,_ ''-._                                   
 (    '      ,       .-`  | `,    )     Running in standalone mode
 |`-._`-...-` __...-.``-._|'` _.-'|     Port: 6500
 |    `-._   `._    /     _.-'    |     PID: 283856
  `-._    `-._  `-./  _.-'    _.-'                                   
 |`-._`-._    `-.__.-'    _.-'_.-'|                                  
 |    `-._`-._        _.-'_.-'    |           http://redis.io        
  `-._    `-._`-.__.-'_.-'    _.-'                                   
 |`-._`-._    `-.__.-'    _.-'_.-'|                                  
 |    `-._`-._        _.-'_.-'    |                                  
  `-._    `-._`-.__.-'_.-'    _.-'                                   
      `-._    `-.__.-'    _.-'                                       
          `-._        _.-'                                           
              `-.__.-'                                               

283856:M 14 Dec 06:23:24.152 # Server started, Redis version 3.0.0
283856:M 14 Dec 06:23:24.152 # WARNING overcommit_memory is set to 0! Background save may fail under low memory condition. To fix this issue add 'vm.overcommit_memory = 1' to /etc/sysctl.conf and then reboot or run the command 'sysctl vm.overcommit_memory=1' for this to take effect.
283856:M 14 Dec 06:23:24.152 # WARNING you have Transparent Huge Pages (THP) support enabled in your kernel. This will create latency and memory usage issues with Redis. To fix this issue run the command 'echo never > /sys/kernel/mm/transparent_hugepage/enabled' as root, and add it to your /etc/rc.local in order to retain the setting after a reboot. Redis must be restarted after THP is disabled.
283856:M 14 Dec 06:23:28.827 * DB loaded from disk: 4.675 seconds
283856:M 14 Dec 06:23:28.827 * The server is now ready to accept connections on port 6500
283856:signal-handler (1765693470) Received SIGTERM scheduling shutdown...
283856:M 14 Dec 06:24:30.274 # User requested shutdown...
283856:M 14 Dec 06:24:30.274 # Redis is now ready to exit, bye bye...
