                _._                                                  
           _.-``__ ''-._                                             
      _.-``    `.  `_.  ''-._           Redis 3.0.0 (2e81549a/1) 64 bit
  .-`` .-```.  ```\/    _.,_ ''-._                                   
 (    '      ,       .-`  | `,    )     Running in standalone mode
 |`-._`-...-` __...-.``-._|'` _.-'|     Port: 6501
 |    `-._   `._    /     _.-'    |     PID: 719964
  `-._    `-._  `-./  _.-'    _.-'                                   
 |`-._`-._    `-.__.-'    _.-'_.-'|                                  
 |    `-._`-._        _.-'_.-'    |           http://redis.io        
  `-._    `-._`-.__.-'_.-'    _.-'                                   
 |`-._`-._    `-.__.-'    _.-'_.-'|                                  
 |    `-._`-._        _.-'_.-'    |                                  
  `-._    `-._`-.__.-'_.-'    _.-'                                   
      `-._    `-.__.-'    _.-'                                       
          `-._        _.-'                                           
              `-.__.-'                                               

719964:M 12 Dec 10:16:40.614 # Server started, Redis version 3.0.0
719964:M 12 Dec 10:16:40.614 # WARNING overcommit_memory is set to 0! Background save may fail under low memory condition. To fix this issue add 'vm.overcommit_memory = 1' to /etc/sysctl.conf and then reboot or run the command 'sysctl vm.overcommit_memory=1' for this to take effect.
719964:M 12 Dec 10:16:40.614 # WARNING you have Transparent Huge Pages (THP) support enabled in your kernel. This will create latency and memory usage issues with Redis. To fix this issue run the command 'echo never > /sys/kernel/mm/transparent_hugepage/enabled' as root, and add it to your /etc/rc.local in order to retain the setting after a reboot. Redis must be restarted after THP is disabled.
719964:M 12 Dec 10:20:15.197 * DB loaded from disk: 214.583 seconds
719964:M 12 Dec 10:20:15.197 * The server is now ready to accept connections on port 6501
719964:signal-handler (1765556478) Received SIGTERM scheduling shutdown...
719964:M 12 Dec 10:21:18.443 # User requested shutdown...
719964:M 12 Dec 10:21:18.443 # Redis is now ready to exit, bye bye...
