                _._                                                  
           _.-``__ ''-._                                             
      _.-``    `.  `_.  ''-._           Redis 3.0.0 (52581df2/1) 64 bit
  .-`` .-```.  ```\/    _.,_ ''-._                                   
 (    '      ,       .-`  | `,    )     Running in standalone mode
 |`-._`-...-` __...-.``-._|'` _.-'|     Port: 6518
 |    `-._   `._    /     _.-'    |     PID: 39508
  `-._    `-._  `-./  _.-'    _.-'                                   
 |`-._`-._    `-.__.-'    _.-'_.-'|                                  
 |    `-._`-._        _.-'_.-'    |           http://redis.io        
  `-._    `-._`-.__.-'_.-'    _.-'                                   
 |`-._`-._    `-.__.-'    _.-'_.-'|                                  
 |    `-._`-._        _.-'_.-'    |                                  
  `-._    `-._`-.__.-'_.-'    _.-'                                   
      `-._    `-.__.-'    _.-'                                       
          `-._        _.-'                                           
              `-.__.-'                                               

39508:M 13 Dec 16:45:29.329 # Server started, Redis version 3.0.0
39508:M 13 Dec 16:45:29.332 # WARNING overcommit_memory is set to 0! Background save may fail under low memory condition. To fix this issue add 'vm.overcommit_memory = 1' to /etc/sysctl.conf and then reboot or run the command 'sysctl vm.overcommit_memory=1' for this to take effect.
39508:M 13 Dec 16:45:29.332 # WARNING you have Transparent Huge Pages (THP) support enabled in your kernel. This will create latency and memory usage issues with Redis. To fix this issue run the command 'echo never > /sys/kernel/mm/transparent_hugepage/enabled' as root, and add it to your /etc/rc.local in order to retain the setting after a reboot. Redis must be restarted after THP is disabled.
39508:M 13 Dec 16:46:16.415 * DB loaded from disk: 47.083 seconds
39508:M 13 Dec 16:46:16.415 * The server is now ready to accept connections on port 6518
39508:signal-handler (1765644437) Received SIGTERM scheduling shutdown...
39508:M 13 Dec 16:47:17.545 # User requested shutdown...
39508:M 13 Dec 16:47:17.545 # Redis is now ready to exit, bye bye...
