                _._                                                  
           _.-``__ ''-._                                             
      _.-``    `.  `_.  ''-._           Redis 3.0.0 (52581df2/1) 64 bit
  .-`` .-```.  ```\/    _.,_ ''-._                                   
 (    '      ,       .-`  | `,    )     Running in standalone mode
 |`-._`-...-` __...-.``-._|'` _.-'|     Port: 6538
 |    `-._   `._    /     _.-'    |     PID: 2491915
  `-._    `-._  `-./  _.-'    _.-'                                   
 |`-._`-._    `-.__.-'    _.-'_.-'|                                  
 |    `-._`-._        _.-'_.-'    |           http://redis.io        
  `-._    `-._`-.__.-'_.-'    _.-'                                   
 |`-._`-._    `-.__.-'    _.-'_.-'|                                  
 |    `-._`-._        _.-'_.-'    |                                  
  `-._    `-._`-.__.-'_.-'    _.-'                                   
      `-._    `-.__.-'    _.-'                                       
          `-._        _.-'                                           
              `-.__.-'                                               

2491915:M 16 Dec 20:02:54.008 # Server started, Redis version 3.0.0
2491915:M 16 Dec 20:02:54.008 # WARNING overcommit_memory is set to 0! Background save may fail under low memory condition. To fix this issue add 'vm.overcommit_memory = 1' to /etc/sysctl.conf and then reboot or run the command 'sysctl vm.overcommit_memory=1' for this to take effect.
2491915:M 16 Dec 20:02:54.008 # WARNING you have Transparent Huge Pages (THP) support enabled in your kernel. This will create latency and memory usage issues with Redis. To fix this issue run the command 'echo never > /sys/kernel/mm/transparent_hugepage/enabled' as root, and add it to your /etc/rc.local in order to retain the setting after a reboot. Redis must be restarted after THP is disabled.
2491915:M 16 Dec 20:03:25.867 * DB loaded from disk: 31.860 seconds
2491915:M 16 Dec 20:03:25.867 * The server is now ready to accept connections on port 6538
2491915:signal-handler (1765915476) Received SIGTERM scheduling shutdown...
2491915:M 16 Dec 20:04:37.023 # User requested shutdown...
2491915:M 16 Dec 20:04:37.023 # Redis is now ready to exit, bye bye...
