                _._                                                  
           _.-``__ ''-._                                             
      _.-``    `.  `_.  ''-._           Redis 3.0.0 (52581df2/1) 64 bit
  .-`` .-```.  ```\/    _.,_ ''-._                                   
 (    '      ,       .-`  | `,    )     Running in standalone mode
 |`-._`-...-` __...-.``-._|'` _.-'|     Port: 6500
 |    `-._   `._    /     _.-'    |     PID: 277521
  `-._    `-._  `-./  _.-'    _.-'                                   
 |`-._`-._    `-.__.-'    _.-'_.-'|                                  
 |    `-._`-._        _.-'_.-'    |           http://redis.io        
  `-._    `-._`-.__.-'_.-'    _.-'                                   
 |`-._`-._    `-.__.-'    _.-'_.-'|                                  
 |    `-._`-._        _.-'_.-'    |                                  
  `-._    `-._`-.__.-'_.-'    _.-'                                   
      `-._    `-.__.-'    _.-'                                       
          `-._        _.-'                                           
              `-.__.-'                                               

277521:M 14 Dec 05:12:21.455 # Server started, Redis version 3.0.0
277521:M 14 Dec 05:12:21.456 # WARNING overcommit_memory is set to 0! Background save may fail under low memory condition. To fix this issue add 'vm.overcommit_memory = 1' to /etc/sysctl.conf and then reboot or run the command 'sysctl vm.overcommit_memory=1' for this to take effect.
277521:M 14 Dec 05:12:21.456 # WARNING you have Transparent Huge Pages (THP) support enabled in your kernel. This will create latency and memory usage issues with Redis. To fix this issue run the command 'echo never > /sys/kernel/mm/transparent_hugepage/enabled' as root, and add it to your /etc/rc.local in order to retain the setting after a reboot. Redis must be restarted after THP is disabled.
277521:M 14 Dec 05:12:26.207 * DB loaded from disk: 4.751 seconds
277521:M 14 Dec 05:12:26.207 * The server is now ready to accept connections on port 6500
277521:signal-handler (1765689206) Received SIGTERM scheduling shutdown...
277521:M 14 Dec 05:13:26.556 # User requested shutdown...
277521:M 14 Dec 05:13:26.556 # Redis is now ready to exit, bye bye...
